// Jest Snapshot v1, https://goo.gl/fbAQLP

exports[`ErrorScreen Component should correctly render ErrorScreen 1`] = `
<section
  className="result"
>
  <div
    className="result__logo"
  >
    <img
      alt="Угадай мелодию"
      height="83"
      src="img/melody-logo.png"
      width="186"
    />
  </div>
  <h2
    className="result__title"
    style={
      Object {
        "color": "red",
      }
    }
  >
    Ошибка загрузки данных.
  </h2>
  <p
    className="result__total result__total--fail"
  >
    Упсс... У нас что-то сломалось. Попробуйте зайти позднее.
  </p>
</section>
`;
